../Drivers/CMSIS/Include/core_cm0plus.h:848:22:__NVIC_SetPriority	24	static
../Drivers/CMSIS/Include/core_cm0plus.h:1054:26:SysTick_Config	16	static
../Core/Src/bsp_timer.c:36:6:bsp_InitTimer	16	static
../Core/Src/bsp_timer.c:83:6:bsp_Idle	8	static
../Core/Src/bsp_timer.c:103:6:SysTick_ISR	16	static
../Core/Src/bsp_timer.c:149:13:bsp_SoftTimerDec	16	static
../Core/Src/bsp_timer.c:175:6:bsp_DelayMS	24	static,ignoring_inline_asm
../Core/Src/bsp_timer.c:218:6:bsp_DelayUS	40	static
../Core/Src/bsp_timer.c:267:6:bsp_StartTimer	24	static,ignoring_inline_asm
../Core/Src/bsp_timer.c:296:6:bsp_StartAutoTimer	24	static,ignoring_inline_asm
../Core/Src/bsp_timer.c:323:6:bsp_StopTimer	24	static,ignoring_inline_asm
../Core/Src/bsp_timer.c:349:9:bsp_CheckTimer	16	static
../Core/Src/bsp_timer.c:377:9:bsp_GetRunTime	24	static,ignoring_inline_asm
../Core/Src/bsp_timer.c:399:9:bsp_CheckRunTime	32	static,ignoring_inline_asm
