../Drivers/CMSIS/Include/core_cm0plus.h:848:22:__NVIC_SetPriority	24	static
../Drivers/CMSIS/Include/core_cm0plus.h:1054:26:SysTick_Config	16	static
../Core/Src/bsp_timer.c:34:6:bsp_InitTimer	16	static
../Core/Src/bsp_timer.c:75:6:bsp_Idle	8	static
../Core/Src/bsp_timer.c:94:6:SysTick_ISR	16	static
../Core/Src/bsp_timer.c:139:13:bsp_SoftTimerDec	16	static
../Core/Src/bsp_timer.c:165:6:bsp_DelayMS	24	static,ignoring_inline_asm
../Core/Src/bsp_timer.c:206:6:bsp_DelayUS	40	static
../Core/Src/bsp_timer.c:255:6:bsp_StartTimer	24	static,ignoring_inline_asm
../Core/Src/bsp_timer.c:283:6:bsp_StartAutoTimer	24	static,ignoring_inline_asm
../Core/Src/bsp_timer.c:310:6:bsp_StopTimer	24	static,ignoring_inline_asm
../Core/Src/bsp_timer.c:337:9:bsp_CheckTimer	16	static
../Core/Src/bsp_timer.c:363:9:bsp_GetRunTime	24	static,ignoring_inline_asm
../Core/Src/bsp_timer.c:384:9:bsp_CheckRunTime	32	static,ignoring_inline_asm
../Core/Src/bsp_timer.c:415:6:SysTick_Handler	8	static
