../Core/Src/main.c:79:5:main	8	static
../Core/Src/main.c:105:6:SystemClock_Config	136	static
../Core/Src/main.c:159:13:MX_ADC_Init	16	static
../Core/Src/main.c:231:13:MX_I2C1_Init	8	static
../Core/Src/main.c:279:13:MX_IWDG_Init	8	static
../Core/Src/main.c:308:13:MX_LPTIM1_Init	8	static
../Core/Src/main.c:340:13:MX_SPI2_Init	8	static
../Core/Src/main.c:379:13:MX_GPIO_Init	48	static
../Core/Src/main.c:431:6:ad_dataflush	8	static
../Core/Src/main.c:447:6:bsp_RunPer1ms	8	static
../Core/Src/main.c:465:6:bsp_RunPer10ms	8	static
../Core/Src/main.c:482:6:Error_Handler	8	static,ignoring_inline_asm
