../Core/Src/main.c:79:5:main	8	static
../Core/Src/main.c:112:6:SystemClock_Config	136	static
../Core/Src/main.c:166:13:MX_ADC_Init	16	static
../Core/Src/main.c:238:13:MX_I2C1_Init	8	static
../Core/Src/main.c:286:13:MX_IWDG_Init	8	static
../Core/Src/main.c:315:13:MX_LPTIM1_Init	8	static
../Core/Src/main.c:347:13:MX_SPI2_Init	8	static
../Core/Src/main.c:386:13:MX_GPIO_Init	48	static
../Core/Src/main.c:438:6:ad_dataflush	8	static
../Core/Src/main.c:454:6:bsp_RunPer1ms	8	static
../Core/Src/main.c:472:6:bsp_RunPer10ms	8	static
../Core/Src/main.c:489:6:Error_Handler	8	static,ignoring_inline_asm
