../Core/Src/stm32l0xx_hal_msp.c:63:6:HAL_MspInit	8	static
../Core/Src/stm32l0xx_hal_msp.c:86:6:HAL_ADC_MspInit	48	static
../Core/Src/stm32l0xx_hal_msp.c:121:6:HAL_ADC_MspDeInit	16	static
../Core/Src/stm32l0xx_hal_msp.c:150:6:HAL_I2C_MspInit	48	static
../Core/Src/stm32l0xx_hal_msp.c:187:6:HAL_I2C_MspDeInit	16	static
../Core/Src/stm32l0xx_hal_msp.c:218:6:HAL_LPTIM_MspInit	16	static
../Core/Src/stm32l0xx_hal_msp.c:241:6:HAL_LPTIM_MspDeInit	16	static
../Core/Src/stm32l0xx_hal_msp.c:263:6:HAL_SPI_MspInit	48	static
../Core/Src/stm32l0xx_hal_msp.c:301:6:HAL_SPI_MspDeInit	16	static
