../Core/Src/w25n01gvzeig.c:15:13:w25n01gv_wait_busy_done	32	static
../Core/Src/w25n01gvzeig.c:28:13:w25n01gvzeig_memcpy	40	static
../Core/Src/w25n01gvzeig.c:48:12:w25n01gv_tx	24	static
../Core/Src/w25n01gvzeig.c:64:12:w25n01gv_tx_rx	48	static
../Core/Src/w25n01gvzeig.c:79:12:w25n01gv_program_data_load_normal_quad	112	static
../Core/Src/w25n01gvzeig.c:165:12:w25n01gv_fast_read_option	64	static
../Core/Src/w25n01gvzeig.c:262:5:w25n01gv_reset	16	static
../Core/Src/w25n01gvzeig.c:272:5:w25n01gv_jedec_id	48	static
../Core/Src/w25n01gvzeig.c:296:5:w25n01gv_read_status	40	static
../Core/Src/w25n01gvzeig.c:312:5:w25n01gv_write_status	56	static
../Core/Src/w25n01gvzeig.c:407:5:w25n01gv_write_enable	16	static
../Core/Src/w25n01gvzeig.c:415:5:w25n01gv_write_disable	16	static
../Core/Src/w25n01gvzeig.c:424:5:w25n01gv_bad_block_management	24	static
../Core/Src/w25n01gvzeig.c:440:5:w25n01gv_read_bbm_lut	128	static
../Core/Src/w25n01gvzeig.c:464:5:w25n01gv_last_ecc_fail_page_address	48	static
../Core/Src/w25n01gvzeig.c:484:5:w25n01gv_block_erase	24	static
../Core/Src/w25n01gvzeig.c:499:5:w25n01gv_program_data_load	48	static
../Core/Src/w25n01gvzeig.c:504:5:w25n01gv_quad_program_data_load	48	static
../Core/Src/w25n01gvzeig.c:509:5:w25n01gv_program_execute	24	static
../Core/Src/w25n01gvzeig.c:522:5:w25n01gv_paga_data_read	24	static
../Core/Src/w25n01gvzeig.c:535:5:w25n01gv_read	56	static
../Core/Src/w25n01gvzeig.c:563:5:w25n01gv_fast_read	32	static
../Core/Src/w25n01gvzeig.c:568:5:w25n01gv_fast_read_with4byte_addr	32	static
../Core/Src/w25n01gvzeig.c:573:5:w25n01gv_fast_read_dual_output	32	static
../Core/Src/w25n01gvzeig.c:578:5:w25n01gv_fast_read_dual_output_with4byte_addr	32	static
../Core/Src/w25n01gvzeig.c:583:5:w25n01gv_fast_read_quad_output	32	static
../Core/Src/w25n01gvzeig.c:588:5:w25n01gv_fast_read_quad_output_with4byte_addr	32	static
../Core/Src/w25n01gvzeig.c:593:5:w25n01gv_fast_read_dual_io	64	static
../Core/Src/w25n01gvzeig.c:621:5:w25n01gv_fast_read_dual_io_with4byte_addr	64	static
../Core/Src/w25n01gvzeig.c:652:5:w25n01gv_fast_read_quad_io	64	static
../Core/Src/w25n01gvzeig.c:683:5:w25n01gv_fast_read_quad_io_with4byte_addr	64	static
../Core/Src/w25n01gvzeig.c:718:5:resolve_SR1_block_protection_bits_field	16	static
../Core/Src/w25n01gvzeig.c:837:5:read_SR1	24	static
../Core/Src/w25n01gvzeig.c:849:5:read_SR2	24	static
../Core/Src/w25n01gvzeig.c:861:5:read_SR3	24	static
../Core/Src/w25n01gvzeig.c:873:5:w2501gv_busy	24	static
../Core/Src/w25n01gvzeig.c:885:5:w25n01gvzeig_fetch_device_info	16	static
../Core/Src/w25n01gvzeig.c:899:5:w25n01gv_read_otp_page	32	static
../Core/Src/w25n01gvzeig.c:938:5:w25n01gv_write_page	48	static
../Core/Src/w25n01gvzeig.c:952:5:w25n01gv_read_page	48	static
../Core/Src/w25n01gvzeig.c:965:5:w25n01gv_init	24	static
