../Core/Src/W25Qxx.c:14:9:BSP_W25Qx_Init	8	static
../Core/Src/W25Qxx.c:21:13:BSP_W25Qx_Reset	16	static
../Core/Src/W25Qxx.c:35:16:BSP_W25Qx_GetStatus	16	static
../Core/Src/W25Qxx.c:61:9:BSP_W25Qx_WriteEnable	16	static
../Core/Src/W25Qxx.c:89:6:BSP_W25Qx_Read_ID	24	static
../Core/Src/W25Qxx.c:106:9:BSP_W25Qx_Read	32	static
../Core/Src/W25Qxx.c:132:9:BSP_W25Qx_Write	56	static
../Core/Src/W25Qxx.c:206:9:BSP_W25Qx_Erase_Sector	32	static
../Core/Src/W25Qxx.c:241:9:BSP_W25Qx_Erase_Block	32	static
../Core/Src/W25Qxx.c:275:9:BSP_W25Qx_Erase_Chip	16	static
