../Core/Src/W5500.c:309:6:bsp_InitW5500Gpio	48	static
../Core/Src/W5500.c:384:9:sf_spi_RW	32	static
../Core/Src/W5500.c:413:6:sf_spiWriteWord	16	static
../Core/Src/W5500.c:419:6:Write_W5500_Byte	16	static
../Core/Src/W5500.c:431:6:Write_W5500_Word	16	static
../Core/Src/W5500.c:443:6:Write_W5500_String	24	static
../Core/Src/W5500.c:461:6:Write_W5500_SOCK_Byte	24	static
../Core/Src/W5500.c:481:6:Write_W5500_SOCK_Word	24	static
../Core/Src/W5500.c:500:6:Write_W5500_SOCK_4Byte	16	static
../Core/Src/W5500.c:524:9:Read_W5500_Byte	32	static
../Core/Src/W5500.c:548:9:Read_W5500_SOCK_Byte	32	static
../Core/Src/W5500.c:573:10:Read_W5500_SOCK_Word	32	static
../Core/Src/W5500.c:598:10:Read_SOCK_Data_Buffer	40	static
../Core/Src/W5500.c:669:6:Write_SOCK_Data_Buffer	32	static
../Core/Src/W5500.c:725:6:W5500HardwareReset	16	static
../Core/Src/W5500.c:741:6:Load_Net_Parameters	8	static
../Core/Src/W5500.c:782:6:setkeepalive	16	static
../Core/Src/W5500.c:787:6:W5500_Init	16	static
../Core/Src/W5500.c:839:6:Socket0_Config	16	static
../Core/Src/W5500.c:851:9:Socket_Listen	16	static
../Core/Src/W5500.c:885:9:Detect_Gateway	24	static
../Core/Src/W5500.c:938:6:Process_Socket_Data	32	static
../Core/Src/W5500.c:953:6:W5500_Interrupt_Process	24	static
../Core/Src/W5500.c:1007:6:init_chip	8	static
