../Core/Src/W5500.c:309:6:bsp_InitW5500Gpio	48	static
../Core/Src/W5500.c:382:9:sf_spi_RW	32	static
../Core/Src/W5500.c:410:6:sf_spiWriteWord	16	static
../Core/Src/W5500.c:416:6:Write_W5500_Byte	16	static
../Core/Src/W5500.c:427:6:Write_W5500_Word	16	static
../Core/Src/W5500.c:438:6:Write_W5500_String	24	static
../Core/Src/W5500.c:455:6:Write_W5500_SOCK_Byte	24	static
../Core/Src/W5500.c:474:6:Write_W5500_SOCK_Word	24	static
../Core/Src/W5500.c:493:6:Write_W5500_SOCK_4Byte	16	static
../Core/Src/W5500.c:516:9:Read_W5500_Byte	32	static
../Core/Src/W5500.c:540:9:Read_W5500_SOCK_Byte	32	static
../Core/Src/W5500.c:564:10:Read_W5500_SOCK_Word	32	static
../Core/Src/W5500.c:589:10:Read_SOCK_Data_Buffer	40	static
../Core/Src/W5500.c:659:6:Write_SOCK_Data_Buffer	32	static
../Core/Src/W5500.c:714:6:W5500HardwareReset	16	static
../Core/Src/W5500.c:730:6:Load_Net_Parameters	8	static
../Core/Src/W5500.c:767:6:setkeepalive	16	static
../Core/Src/W5500.c:772:6:W5500_Init	16	static
../Core/Src/W5500.c:820:6:Socket0_Config	16	static
../Core/Src/W5500.c:832:9:Socket_Listen	16	static
../Core/Src/W5500.c:865:9:Detect_Gateway	24	static
../Core/Src/W5500.c:917:6:Process_Socket_Data	32	static
../Core/Src/W5500.c:932:6:W5500_Interrupt_Process	24	static
../Core/Src/W5500.c:986:6:init_chip	8	static
