../Drivers/ioLibrary_Driver/Internet/SNMP/snmp.c:63:6:currentUptime	24	static
../Drivers/ioLibrary_Driver/Internet/SNMP/snmp.c:71:6:SNMP_time_handler	8	static
../Drivers/ioLibrary_Driver/Internet/SNMP/snmp.c:76:10:getSNMPTimeTick	8	static
../Drivers/ioLibrary_Driver/Internet/SNMP/snmp.c:97:6:snmpd_init	32	static
../Drivers/ioLibrary_Driver/Internet/SNMP/snmp.c:143:9:snmpd_run	48	static
../Drivers/ioLibrary_Driver/Internet/SNMP/snmp.c:223:9:findEntry	24	static
../Drivers/ioLibrary_Driver/Internet/SNMP/snmp.c:238:9:getOID	32	static
../Drivers/ioLibrary_Driver/Internet/SNMP/snmp.c:255:9:getValue	24	static
../Drivers/ioLibrary_Driver/Internet/SNMP/snmp.c:270:9:getEntry	40	static
../Drivers/ioLibrary_Driver/Internet/SNMP/snmp.c:342:9:setEntry	40	static
../Drivers/ioLibrary_Driver/Internet/SNMP/snmp.c:390:9:parseLength	24	static
../Drivers/ioLibrary_Driver/Internet/SNMP/snmp.c:409:9:parseTLV	32	static
../Drivers/ioLibrary_Driver/Internet/SNMP/snmp.c:434:6:insertRespLen	40	static
../Drivers/ioLibrary_Driver/Internet/SNMP/snmp.c:454:9:parseVarBind	88	static
../Drivers/ioLibrary_Driver/Internet/SNMP/snmp.c:527:9:parseSequence	56	static
../Drivers/ioLibrary_Driver/Internet/SNMP/snmp.c:550:9:parseSequenceOf	56	static
../Drivers/ioLibrary_Driver/Internet/SNMP/snmp.c:576:9:parseRequest	104	static
../Drivers/ioLibrary_Driver/Internet/SNMP/snmp.c:629:9:parseCommunity	32	static
../Drivers/ioLibrary_Driver/Internet/SNMP/snmp.c:654:9:parseVersion	32	static
../Drivers/ioLibrary_Driver/Internet/SNMP/snmp.c:677:9:parseSNMPMessage	40	static
../Drivers/ioLibrary_Driver/Internet/SNMP/snmp.c:704:6:ipToByteArray	88	static
../Drivers/ioLibrary_Driver/Internet/SNMP/snmp.c:721:9:makeTrapVariableBindings	32	static
../Drivers/ioLibrary_Driver/Internet/SNMP/snmp.c:775:9:snmp_sendTrap	80	static
../Drivers/ioLibrary_Driver/Internet/SNMP/snmp.c:875:6:dumpCode	40	static
