Archive member included to satisfy reference by file (symbol)

C:/ST/STM32CubeIDE_1.19.0/STM32CubeIDE/plugins/com.st.stm32cube.ide.mcu.externaltools.gnu-tools-for-stm32.13.3.rel1.win32_1.0.0.202411081344/tools/bin/../lib/gcc/arm-none-eabi/13.3.1/../../../../arm-none-eabi/lib/thumb/v6-m/nofp\libc_nano.a(libc_a-exit.o)
                              C:/ST/STM32CubeIDE_1.19.0/STM32CubeIDE/plugins/com.st.stm32cube.ide.mcu.externaltools.gnu-tools-for-stm32.13.3.rel1.win32_1.0.0.202411081344/tools/bin/../lib/gcc/arm-none-eabi/13.3.1/../../../../arm-none-eabi/lib/thumb/v6-m/nofp/crt0.o (exit)
C:/ST/STM32CubeIDE_1.19.0/STM32CubeIDE/plugins/com.st.stm32cube.ide.mcu.externaltools.gnu-tools-for-stm32.13.3.rel1.win32_1.0.0.202411081344/tools/bin/../lib/gcc/arm-none-eabi/13.3.1/../../../../arm-none-eabi/lib/thumb/v6-m/nofp\libc_nano.a(libc_a-malloc.o)
                              ./Core/Src/spimem.o (malloc)
C:/ST/STM32CubeIDE_1.19.0/STM32CubeIDE/plugins/com.st.stm32cube.ide.mcu.externaltools.gnu-tools-for-stm32.13.3.rel1.win32_1.0.0.202411081344/tools/bin/../lib/gcc/arm-none-eabi/13.3.1/../../../../arm-none-eabi/lib/thumb/v6-m/nofp\libc_nano.a(libc_a-mallocr.o)
                              C:/ST/STM32CubeIDE_1.19.0/STM32CubeIDE/plugins/com.st.stm32cube.ide.mcu.externaltools.gnu-tools-for-stm32.13.3.rel1.win32_1.0.0.202411081344/tools/bin/../lib/gcc/arm-none-eabi/13.3.1/../../../../arm-none-eabi/lib/thumb/v6-m/nofp\libc_nano.a(libc_a-malloc.o) (_malloc_r)
C:/ST/STM32CubeIDE_1.19.0/STM32CubeIDE/plugins/com.st.stm32cube.ide.mcu.externaltools.gnu-tools-for-stm32.13.3.rel1.win32_1.0.0.202411081344/tools/bin/../lib/gcc/arm-none-eabi/13.3.1/../../../../arm-none-eabi/lib/thumb/v6-m/nofp\libc_nano.a(libc_a-mlock.o)
                              C:/ST/STM32CubeIDE_1.19.0/STM32CubeIDE/plugins/com.st.stm32cube.ide.mcu.externaltools.gnu-tools-for-stm32.13.3.rel1.win32_1.0.0.202411081344/tools/bin/../lib/gcc/arm-none-eabi/13.3.1/../../../../arm-none-eabi/lib/thumb/v6-m/nofp\libc_nano.a(libc_a-mallocr.o) (__malloc_lock)
C:/ST/STM32CubeIDE_1.19.0/STM32CubeIDE/plugins/com.st.stm32cube.ide.mcu.externaltools.gnu-tools-for-stm32.13.3.rel1.win32_1.0.0.202411081344/tools/bin/../lib/gcc/arm-none-eabi/13.3.1/../../../../arm-none-eabi/lib/thumb/v6-m/nofp\libc_nano.a(libc_a-findfp.o)
                              C:/ST/STM32CubeIDE_1.19.0/STM32CubeIDE/plugins/com.st.stm32cube.ide.mcu.externaltools.gnu-tools-for-stm32.13.3.rel1.win32_1.0.0.202411081344/tools/bin/../lib/gcc/arm-none-eabi/13.3.1/../../../../arm-none-eabi/lib/thumb/v6-m/nofp\libc_nano.a(libc_a-exit.o) (__stdio_exit_handler)
C:/ST/STM32CubeIDE_1.19.0/STM32CubeIDE/plugins/com.st.stm32cube.ide.mcu.externaltools.gnu-tools-for-stm32.13.3.rel1.win32_1.0.0.202411081344/tools/bin/../lib/gcc/arm-none-eabi/13.3.1/../../../../arm-none-eabi/lib/thumb/v6-m/nofp\libc_nano.a(libc_a-fwalk.o)
                              C:/ST/STM32CubeIDE_1.19.0/STM32CubeIDE/plugins/com.st.stm32cube.ide.mcu.externaltools.gnu-tools-for-stm32.13.3.rel1.win32_1.0.0.202411081344/tools/bin/../lib/gcc/arm-none-eabi/13.3.1/../../../../arm-none-eabi/lib/thumb/v6-m/nofp\libc_nano.a(libc_a-findfp.o) (_fwalk_sglue)
C:/ST/STM32CubeIDE_1.19.0/STM32CubeIDE/plugins/com.st.stm32cube.ide.mcu.externaltools.gnu-tools-for-stm32.13.3.rel1.win32_1.0.0.202411081344/tools/bin/../lib/gcc/arm-none-eabi/13.3.1/../../../../arm-none-eabi/lib/thumb/v6-m/nofp\libc_nano.a(libc_a-printf.o)
                              ./Core/Src/command_handler.o (printf)
C:/ST/STM32CubeIDE_1.19.0/STM32CubeIDE/plugins/com.st.stm32cube.ide.mcu.externaltools.gnu-tools-for-stm32.13.3.rel1.win32_1.0.0.202411081344/tools/bin/../lib/gcc/arm-none-eabi/13.3.1/../../../../arm-none-eabi/lib/thumb/v6-m/nofp\libc_nano.a(libc_a-puts.o)
                              ./Core/Src/system_controller.o (puts)
C:/ST/STM32CubeIDE_1.19.0/STM32CubeIDE/plugins/com.st.stm32cube.ide.mcu.externaltools.gnu-tools-for-stm32.13.3.rel1.win32_1.0.0.202411081344/tools/bin/../lib/gcc/arm-none-eabi/13.3.1/../../../../arm-none-eabi/lib/thumb/v6-m/nofp\libc_nano.a(libc_a-stdio.o)
                              C:/ST/STM32CubeIDE_1.19.0/STM32CubeIDE/plugins/com.st.stm32cube.ide.mcu.externaltools.gnu-tools-for-stm32.13.3.rel1.win32_1.0.0.202411081344/tools/bin/../lib/gcc/arm-none-eabi/13.3.1/../../../../arm-none-eabi/lib/thumb/v6-m/nofp\libc_nano.a(libc_a-findfp.o) (__sread)
C:/ST/STM32CubeIDE_1.19.0/STM32CubeIDE/plugins/com.st.stm32cube.ide.mcu.externaltools.gnu-tools-for-stm32.13.3.rel1.win32_1.0.0.202411081344/tools/bin/../lib/gcc/arm-none-eabi/13.3.1/../../../../arm-none-eabi/lib/thumb/v6-m/nofp\libc_nano.a(libc_a-wbuf.o)
                              C:/ST/STM32CubeIDE_1.19.0/STM32CubeIDE/plugins/com.st.stm32cube.ide.mcu.externaltools.gnu-tools-for-stm32.13.3.rel1.win32_1.0.0.202411081344/tools/bin/../lib/gcc/arm-none-eabi/13.3.1/../../../../arm-none-eabi/lib/thumb/v6-m/nofp\libc_nano.a(libc_a-puts.o) (__swbuf_r)
[...]
Memory Configuration

Name             Origin             Length             Attributes
RAM              0x20000000         0x00005000         xrw
FLASH            0x08000000         0x00030000         xr
*default*        0x00000000         0xffffffff

Linker script and memory map

LOAD C:/ST/STM32CubeIDE_1.19.0/STM32CubeIDE/plugins/com.st.stm32cube.ide.mcu.externaltools.gnu-tools-for-stm32.13.3.rel1.win32_1.0.0.202411081344/tools/bin/../lib/gcc/arm-none-eabi/13.3.1/thumb/v6-m/nofp/crti.o
LOAD C:/ST/STM32CubeIDE_1.19.0/STM32CubeIDE/plugins/com.st.stm32cube.ide.mcu.externaltools.gnu-tools-for-stm32.13.3.rel1.win32_1.0.0.202411081344/tools/bin/../lib/gcc/arm-none-eabi/13.3.1/thumb/v6-m/nofp/crtbegin.o
LOAD C:/ST/STM32CubeIDE_1.19.0/STM32CubeIDE/plugins/com.st.stm32cube.ide.mcu.externaltools.gnu-tools-for-stm32.13.3.rel1.win32_1.0.0.202411081344/tools/bin/../lib/gcc/arm-none-eabi/13.3.1/../../../../arm-none-eabi/lib/thumb/v6-m/nofp/crt0.o
LOAD ./Core/Src/CCD_Module.o
LOAD ./Core/Src/Temperature.o
LOAD ./Core/Src/bsp_timer.o
LOAD ./Core/Src/command_handler.o
LOAD ./Core/Src/data_integrity.o
LOAD ./Core/Src/main.o
LOAD ./Core/Src/net_if.o
LOAD ./Core/Src/spimem.o
LOAD ./Core/Src/stm32l0xx_hal_msp.o
LOAD ./Core/Src/stm32l0xx_it.o
LOAD ./Core/Src/syscalls.o
LOAD ./Core/Src/sysmem.o
LOAD ./Core/Src/system_controller.o
LOAD ./Core/Src/system_stm32l0xx.o
LOAD ./Core/Src/w25n01gvzeig.o
LOAD ./Core/Src/w5500_port.o
LOAD ./Core/Startup/startup_stm32l073cztx.o
LOAD ./Drivers/STM32L0xx_HAL_Driver/Src/stm32l0xx_hal.o
LOAD ./Drivers/STM32L0xx_HAL_Driver/Src/stm32l0xx_hal_adc.o
LOAD ./Drivers/STM32L0xx_HAL_Driver/Src/stm32l0xx_hal_adc_ex.o
LOAD ./Drivers/STM32L0xx_HAL_Driver/Src/stm32l0xx_hal_cortex.o
LOAD ./Drivers/STM32L0xx_HAL_Driver/Src/stm32l0xx_hal_dma.o
LOAD ./Drivers/STM32L0xx_HAL_Driver/Src/stm32l0xx_hal_exti.o
LOAD ./Drivers/STM32L0xx_HAL_Driver/Src/stm32l0xx_hal_flash.o
LOAD ./Drivers/STM32L0xx_HAL_Driver/Src/stm32l0xx_hal_flash_ex.o
LOAD ./Drivers/STM32L0xx_HAL_Driver/Src/stm32l0xx_hal_flash_ramfunc.o
LOAD ./Drivers/STM32L0xx_HAL_Driver/Src/stm32l0xx_hal_gpio.o
LOAD ./Drivers/STM32L0xx_HAL_Driver/Src/stm32l0xx_hal_i2c.o
LOAD ./Drivers/STM32L0xx_HAL_Driver/Src/stm32l0xx_hal_i2c_ex.o
LOAD ./Drivers/STM32L0xx_HAL_Driver/Src/stm32l0xx_hal_iwdg.o
LOAD ./Drivers/STM32L0xx_HAL_Driver/Src/stm32l0xx_hal_lptim.o
LOAD ./Drivers/STM32L0xx_HAL_Driver/Src/stm32l0xx_hal_pwr.o
LOAD ./Drivers/STM32L0xx_HAL_Driver/Src/stm32l0xx_hal_pwr_ex.o
LOAD ./Drivers/STM32L0xx_HAL_Driver/Src/stm32l0xx_hal_rcc.o
LOAD ./Drivers/STM32L0xx_HAL_Driver/Src/stm32l0xx_hal_rcc_ex.o
LOAD ./Drivers/STM32L0xx_HAL_Driver/Src/stm32l0xx_hal_spi.o
LOAD ./Drivers/ioLibrary_Driver/Ethernet/W5500/w5500.o
LOAD ./Drivers/ioLibrary_Driver/Ethernet/socket.o
LOAD ./Drivers/ioLibrary_Driver/Ethernet/wizchip_conf.o
START GROUP
LOAD C:/ST/STM32CubeIDE_1.19.0/STM32CubeIDE/plugins/com.st.stm32cube.ide.mcu.externaltools.gnu-tools-for-stm32.13.3.rel1.win32_1.0.0.202411081344/tools/bin/../lib/gcc/arm-none-eabi/13.3.1/../../../../arm-none-eabi/lib/thumb/v6-m/nofp\libc_nano.a
LOAD C:/ST/STM32CubeIDE_1.19.0/STM32CubeIDE/plugins/com.st.stm32cube.ide.mcu.externaltools.gnu-tools-for-stm32.13.3.rel1.win32_1.0.0.202411081344/tools/bin/../lib/gcc/arm-none-eabi/13.3.1/../../../../arm-none-eabi/lib/thumb/v6-m/nofp\libm.a
END GROUP
START GROUP
LOAD C:/ST/STM32CubeIDE_1.19.0/STM32CubeIDE/plugins/com.st.stm32cube.ide.mcu.externaltools.gnu-tools-for-stm32.13.3.rel1.win32_1.0.0.202411081344/tools/bin/../lib/gcc/arm-none-eabi/13.3.1/thumb/v6-m/nofp\libgcc.a
LOAD C:/ST/STM32CubeIDE_1.19.0/STM32CubeIDE/plugins/com.st.stm32cube.ide.mcu.externaltools.gnu-tools-for-stm32.13.3.rel1.win32_1.0.0.202411081344/tools/bin/../lib/gcc/arm-none-eabi/13.3.1/../../../../arm-none-eabi/lib/thumb/v6-m/nofp\libc_nano.a
END GROUP
START GROUP
LOAD C:/ST/STM32CubeIDE_1.19.0/STM32CubeIDE/plugins/com.st.stm32cube.ide.mcu.externaltools.gnu-tools-for-stm32.13.3.rel1.win32_1.0.0.202411081344/tools/bin/../lib/gcc/arm-none-eabi/13.3.1/thumb/v6-m/nofp\libgcc.a
LOAD C:/ST/STM32CubeIDE_1.19.0/STM32CubeIDE/plugins/com.st.stm32cube.ide.mcu.externaltools.gnu-tools-for-stm32.13.3.rel1.win32_1.0.0.202411081344/tools/bin/../lib/gcc/arm-none-eabi/13.3.1/../../../../arm-none-eabi/lib/thumb/v6-m/nofp\libc_nano.a
LOAD C:/ST/STM32CubeIDE_1.19.0/STM32CubeIDE/plugins/com.st.stm32cube.ide.mcu.externaltools.gnu-tools-for-stm32.13.3.rel1.win32_1.0.0.202411081344/tools/bin/../lib/gcc/arm-none-eabi/13.3.1/../../../../arm-none-eabi/lib/thumb/v6-m/nofp\libnosys.a
END GROUP
START GROUP
LOAD C:/ST/STM32CubeIDE_1.19.0/STM32CubeIDE/plugins/com.st.stm32cube.ide.mcu.externaltools.gnu-tools-for-stm32.13.3.rel1.win32_1.0.0.202411081344/tools/bin/../lib/gcc/arm-none-eabi/13.3.1/thumb/v6-m/nofp\libgcc.a
LOAD C:/ST/STM32CubeIDE_1.19.0/STM32CubeIDE/plugins/com.st.stm32cube.ide.mcu.externaltools.gnu-tools-for-stm32.13.3.rel1.win32_1.0.0.202411081344/tools/bin/../lib/gcc/arm-none-eabi/13.3.1/../../../../arm-none-eabi/lib/thumb/v6-m/nofp\libc_nano.a
LOAD C:/ST/STM32CubeIDE_1.19.0/STM32CubeIDE/plugins/com.st.stm32cube.ide.mcu.externaltools.gnu-tools-for-stm32.13.3.rel1.win32_1.0.0.202411081344/tools/bin/../lib/gcc/arm-none-eabi/13.3.1/../../../../arm-none-eabi/lib/thumb/v6-m/nofp\libnosys.a
END GROUP
LOAD C:/ST/STM32CubeIDE_1.19.0/STM32CubeIDE/plugins/com.st.stm32cube.ide.mcu.externaltools.gnu-tools-for-stm32.13.3.rel1.win32_1.0.0.202411081344/tools/bin/../lib/gcc/arm-none-eabi/13.3.1/thumb/v6-m/nofp/crtend.o
LOAD C:/ST/STM32CubeIDE_1.19.0/STM32CubeIDE/plugins/com.st.stm32cube.ide.mcu.externaltools.gnu-tools-for-stm32.13.3.rel1.win32_1.0.0.202411081344/tools/bin/../lib/gcc/arm-none-eabi/13.3.1/thumb/v6-m/nofp/crtn.o
                0x20005000                        _estack = (ORIGIN (RAM) + LENGTH (RAM))
                0x00000200                        _Min_Heap_Size = 0x200
                0x00000400                        _Min_Stack_Size = 0x400

.isr_vector     0x08000000       0xc0
                0x08000000                        . = ALIGN (0x4)
 *(.isr_vector)
 .isr_vector    0x08000000       0xc0 ./Core/Startup/startup_stm32l073cztx.o
                0x08000000                g_pfnVectors
                0x080000c0                        . = ALIGN (0x4)

.text           0x080000c0     0x33f8
                0x080000c0                        . = ALIGN (0x4)
 *(.text)
 .text          0x080000c0       0x48 C:/ST/STM32CubeIDE_1.19.0/STM32CubeIDE/plugins/com.st.stm32cube.ide.mcu.externaltools.gnu-tools-for-stm32.13.3.rel1.win32_1.0.0.202411081344/tools/bin/../lib/gcc/arm-none-eabi/13.3.1/thumb/v6-m/nofp/crtbegin.o
 .text          0x08000108      0x114 C:/ST/STM32CubeIDE_1.19.0/STM32CubeIDE/plugins/com.st.stm32cube.ide.mcu.externaltools.gnu-tools-for-stm32.13.3.rel1.win32_1.0.0.202411081344/tools/bin/../lib/gcc/arm-none-eabi/13.3.1/thumb/v6-m/nofp\libgcc.a(_udivsi3.o)
                0x08000108                __aeabi_uidiv
                0x08000108                __udivsi3
                0x08000214                __aeabi_uidivmod
 .text          0x0800021c        0x4 C:/ST/STM32CubeIDE_1.19.0/STM32CubeIDE/plugins/com.st.stm32cube.ide.mcu.externaltools.gnu-tools-for-stm32.13.3.rel1.win32_1.0.0.202411081344/tools/bin/../lib/gcc/arm-none-eabi/13.3.1/thumb/v6-m/nofp\libgcc.a(_dvmd_tls.o)
                0x0800021c                __aeabi_idiv0
                0x0800021c                __aeabi_ldiv0
 *(.text*)
 .text.main     0x08000220       0x40 ./Core/Src/main.o
                0x08000220                main
 .text.SystemClock_Config
                0x08000260       0xf0 ./Core/Src/main.o
                0x08000260                SystemClock_Config
 .text.MX_SPI2_Init
                0x08000350       0x80 ./Core/Src/main.o
 .text.MX_GPIO_Init
                0x080003d0       0xe8 ./Core/Src/main.o
 .text.Error_Handler
                0x080004b8        0xc ./Core/Src/main.o
                0x080004b8                Error_Handler
 .text.W5500_Select
                0x080004c4       0x18 ./Core/Src/net_if.o
 .text.W5500_Deselect
                0x080004dc       0x18 ./Core/Src/net_if.o
 .text.wizchip_spi_attach
                0x080004f4       0x48 ./Core/Src/net_if.o
 .text.NET_Init
                0x0800053c       0x70 ./Core/Src/net_if.o
                0x0800053c                NET_Init
 .text.HAL_MspInit
                0x080005ac       0x28 ./Core/Src/stm32l0xx_hal_msp.o
                0x080005ac                HAL_MspInit
 .text.HAL_SPI_MspInit
                0x080005d4       0x8c ./Core/Src/stm32l0xx_hal_msp.o
                0x080005d4                HAL_SPI_MspInit
 .text.NMI_Handler
                0x08000660        0x8 ./Core/Src/stm32l0xx_it.o
                0x08000660                NMI_Handler
 .text.HardFault_Handler
                0x08000668        0x8 ./Core/Src/stm32l0xx_it.o
                0x08000668                HardFault_Handler
 .text.SVC_Handler
                0x08000670        0xa ./Core/Src/stm32l0xx_it.o
                0x08000670                SVC_Handler
 .text.PendSV_Handler
                0x0800067a        0xa ./Core/Src/stm32l0xx_it.o
                0x0800067a                PendSV_Handler
 .text.SysTick_Handler
                0x08000684       0x12 ./Core/Src/stm32l0xx_it.o
                0x08000684                SysTick_Handler
 .text.SystemInit
                0x08000696        0xa ./Core/Src/system_stm32l0xx.o
                0x08000696                SystemInit
 .text.W5500_ReadByte
                0x080006a0       0x34 ./Core/Src/w5500_port.o
                0x080006a0                W5500_ReadByte
 .text.W5500_WriteByte
                0x080006d4       0x28 ./Core/Src/w5500_port.o
                0x080006d4                W5500_WriteByte
 .text.W5500_ReadBurst
                0x080006fc       0x4c ./Core/Src/w5500_port.o
                0x080006fc                W5500_ReadBurst
 .text.W5500_WriteBurst
                0x08000748       0x2c ./Core/Src/w5500_port.o
                0x08000748                W5500_WriteBurst
 .text.W5500_HardReset
                0x08000774       0x38 ./Core/Src/w5500_port.o
                0x08000774                W5500_HardReset
 .text.Reset_Handler
                0x080007ac       0x50 ./Core/Startup/startup_stm32l073cztx.o
                0x080007ac                Reset_Handler
 .text.Default_Handler
                0x080007fc        0x2 ./Core/Startup/startup_stm32l073cztx.o
                0x080007fc                TSC_IRQHandler
                0x080007fc                ADC1_COMP_IRQHandler
                0x080007fc                PVD_IRQHandler
                0x080007fc                I2C1_IRQHandler
                0x080007fc                RCC_CRS_IRQHandler
                0x080007fc                SPI1_IRQHandler
                0x080007fc                TIM6_DAC_IRQHandler
                0x080007fc                EXTI2_3_IRQHandler
                0x080007fc                I2C2_IRQHandler
                0x080007fc                RTC_IRQHandler
                0x080007fc                LCD_IRQHandler
                0x080007fc                DMA1_Channel4_5_6_7_IRQHandler
                0x080007fc                TIM3_IRQHandler
                0x080007fc                EXTI4_15_IRQHandler
                0x080007fc                DMA1_Channel1_IRQHandler
                0x080007fc                USART4_5_IRQHandler
                0x080007fc                Default_Handler
                0x080007fc                TIM22_IRQHandler
                0x080007fc                TIM7_IRQHandler
                0x080007fc                EXTI0_1_IRQHandler
                0x080007fc                USB_IRQHandler
                0x080007fc                I2C3_IRQHandler
                0x080007fc                SPI2_IRQHandler
                0x080007fc                TIM21_IRQHandler
                0x080007fc                WWDG_IRQHandler
                0x080007fc                TIM2_IRQHandler
                0x080007fc                DMA1_Channel2_3_IRQHandler
                0x080007fc                USART2_IRQHandler
                0x080007fc                FLASH_IRQHandler
                0x080007fc                USART1_IRQHandler
                0x080007fc                RNG_LPUART1_IRQHandler
                0x080007fc                LPTIM1_IRQHandler
 *fill*         0x080007fe        0x2 
 .text.HAL_Init
                0x08000800       0x40 ./Drivers/STM32L0xx_HAL_Driver/Src/stm32l0xx_hal.o
                0x08000800                HAL_Init
 .text.HAL_InitTick
                0x08000840       0x68 ./Drivers/STM32L0xx_HAL_Driver/Src/stm32l0xx_hal.o
                0x08000840                HAL_InitTick
 .text.HAL_IncTick
                0x080008a8       0x24 ./Drivers/STM32L0xx_HAL_Driver/Src/stm32l0xx_hal.o
                0x080008a8                HAL_IncTick
 .text.HAL_GetTick
                0x080008cc       0x14 ./Drivers/STM32L0xx_HAL_Driver/Src/stm32l0xx_hal.o
                0x080008cc                HAL_GetTick
 .text.HAL_Delay
                0x080008e0       0x48 ./Drivers/STM32L0xx_HAL_Driver/Src/stm32l0xx_hal.o
                0x080008e0                HAL_Delay
 .text.__NVIC_SetPriority
                0x08000928       0xdc ./Drivers/STM32L0xx_HAL_Driver/Src/stm32l0xx_hal_cortex.o
 .text.SysTick_Config
                0x08000a04       0x48 ./Drivers/STM32L0xx_HAL_Driver/Src/stm32l0xx_hal_cortex.o
 .text.HAL_NVIC_SetPriority
                0x08000a4c       0x2a ./Drivers/STM32L0xx_HAL_Driver/Src/stm32l0xx_hal_cortex.o
                0x08000a4c                HAL_NVIC_SetPriority
 .text.HAL_SYSTICK_Config
                0x08000a76       0x1a ./Drivers/STM32L0xx_HAL_Driver/Src/stm32l0xx_hal_cortex.o
                0x08000a76                HAL_SYSTICK_Config
 .text.HAL_SYSTICK_IRQHandler
                0x08000a90        0xe ./Drivers/STM32L0xx_HAL_Driver/Src/stm32l0xx_hal_cortex.o
                0x08000a90                HAL_SYSTICK_IRQHandler
 .text.HAL_SYSTICK_Callback
                0x08000a9e        0xa ./Drivers/STM32L0xx_HAL_Driver/Src/stm32l0xx_hal_cortex.o
                0x08000a9e                HAL_SYSTICK_Callback
 .text.HAL_GPIO_Init
                0x08000aa8      0x2fc ./Drivers/STM32L0xx_HAL_Driver/Src/stm32l0xx_hal_gpio.o
                0x08000aa8                HAL_GPIO_Init
 .text.HAL_GPIO_WritePin
                0x08000da4       0x3a ./Drivers/STM32L0xx_HAL_Driver/Src/stm32l0xx_hal_gpio.o
                0x08000da4                HAL_GPIO_WritePin
 .text.HAL_GPIO_TogglePin
                0x08000dde       0x36 ./Drivers/STM32L0xx_HAL_Driver/Src/stm32l0xx_hal_gpio.o
                0x08000dde                HAL_GPIO_TogglePin
 .text.HAL_RCC_OscConfig
                0x08000e14      0x7a8 ./Drivers/STM32L0xx_HAL_Driver/Src/stm32l0xx_hal_rcc.o
                0x08000e14                HAL_RCC_OscConfig
 .text.HAL_RCC_ClockConfig
                0x080015bc      0x290 ./Drivers/STM32L0xx_HAL_Driver/Src/stm32l0xx_hal_rcc.o
                0x080015bc                HAL_RCC_ClockConfig
 .text.HAL_RCC_GetSysClockFreq
                0x0800184c      0x10c ./Drivers/STM32L0xx_HAL_Driver/Src/stm32l0xx_hal_rcc.o
                0x0800184c                HAL_RCC_GetSysClockFreq
 .text.HAL_RCCEx_PeriphCLKConfig
                0x08001958      0x33c ./Drivers/STM32L0xx_HAL_Driver/Src/stm32l0xx_hal_rcc_ex.o
                0x08001958                HAL_RCCEx_PeriphCLKConfig
 .text.HAL_SPI_Init
                0x08001c94      0x128 ./Drivers/STM32L0xx_HAL_Driver/Src/stm32l0xx_hal_spi.o
                0x08001c94                HAL_SPI_Init
 .text.HAL_SPI_Transmit
                0x08001dbc      0x2a0 ./Drivers/STM32L0xx_HAL_Driver/Src/stm32l0xx_hal_spi.o
                0x08001dbc                HAL_SPI_Transmit
 .text.HAL_SPI_TransmitReceive
                0x0800205c      0x37e ./Drivers/STM32L0xx_HAL_Driver/Src/stm32l0xx_hal_spi.o
                0x0800205c                HAL_SPI_TransmitReceive
 *fill*         0x080023da        0x2 
 .text.SPI_WaitFlagStateUntilTimeout
                0x080023dc      0x11c ./Drivers/STM32L0xx_HAL_Driver/Src/stm32l0xx_hal_spi.o
 .text.SPI_EndRxTxTransaction
                0x080024f8       0xb4 ./Drivers/STM32L0xx_HAL_Driver/Src/stm32l0xx_hal_spi.o
 .text.WIZCHIP_READ
                0x080025ac       0xa4 ./Drivers/ioLibrary_Driver/Ethernet/W5500/w5500.o
                0x080025ac                WIZCHIP_READ
 .text.WIZCHIP_WRITE
                0x08002650       0xac ./Drivers/ioLibrary_Driver/Ethernet/W5500/w5500.o
                0x08002650                WIZCHIP_WRITE
 .text.WIZCHIP_READ_BUF
                0x080026fc       0xdc ./Drivers/ioLibrary_Driver/Ethernet/W5500/w5500.o
                0x080026fc                WIZCHIP_READ_BUF
 .text.WIZCHIP_WRITE_BUF
                0x080027d8       0xdc ./Drivers/ioLibrary_Driver/Ethernet/W5500/w5500.o
                0x080027d8                WIZCHIP_WRITE_BUF
 .text.wizchip_cris_enter
                0x080028b4        0xa ./Drivers/ioLibrary_Driver/Ethernet/wizchip_conf.o
                0x080028b4                wizchip_cris_enter
 .text.wizchip_cris_exit
                0x080028be        0xa ./Drivers/ioLibrary_Driver/Ethernet/wizchip_conf.o
                0x080028be                wizchip_cris_exit
 .text.wizchip_cs_select
                0x080028c8        0xa ./Drivers/ioLibrary_Driver/Ethernet/wizchip_conf.o
                0x080028c8                wizchip_cs_select
 .text.wizchip_cs_deselect
                0x080028d2        0xa ./Drivers/ioLibrary_Driver/Ethernet/wizchip_conf.o
                0x080028d2                wizchip_cs_deselect
 .text.wizchip_bus_readdata
                0x080028dc       0x16 ./Drivers/ioLibrary_Driver/Ethernet/wizchip_conf.o
                0x080028dc                wizchip_bus_readdata
 .text.wizchip_bus_writedata
                0x080028f2       0x1e ./Drivers/ioLibrary_Driver/Ethernet/wizchip_conf.o
                0x080028f2                wizchip_bus_writedata
 .text.wizchip_spi_readbyte
                0x08002910        0xc ./Drivers/ioLibrary_Driver/Ethernet/wizchip_conf.o
                0x08002910                wizchip_spi_readbyte
 .text.wizchip_spi_writebyte
                0x0800291c       0x14 ./Drivers/ioLibrary_Driver/Ethernet/wizchip_conf.o
                0x0800291c                wizchip_spi_writebyte
 .text.wizchip_spi_readburst
                0x08002930       0x50 ./Drivers/ioLibrary_Driver/Ethernet/wizchip_conf.o
                0x08002930                wizchip_spi_readburst
 .text.wizchip_spi_writeburst
                0x08002980       0x50 ./Drivers/ioLibrary_Driver/Ethernet/wizchip_conf.o
                0x08002980                wizchip_spi_writeburst
 .text.reg_wizchip_cs_cbfunc
                0x080029d0       0x48 ./Drivers/ioLibrary_Driver/Ethernet/wizchip_conf.o
                0x080029d0                reg_wizchip_cs_cbfunc
 .text.reg_wizchip_spi_cbfunc
                0x08002a18       0x58 ./Drivers/ioLibrary_Driver/Ethernet/wizchip_conf.o
                0x08002a18                reg_wizchip_spi_cbfunc
 .text.reg_wizchip_spiburst_cbfunc
                0x08002a70       0x58 ./Drivers/ioLibrary_Driver/Ethernet/wizchip_conf.o
                0x08002a70                reg_wizchip_spiburst_cbfunc
 .text.ctlwizchip
                0x08002ac8      0x1d4 ./Drivers/ioLibrary_Driver/Ethernet/wizchip_conf.o
                0x08002ac8                ctlwizchip
 .text.wizchip_sw_reset
                0x08002c9c       0x92 ./Drivers/ioLibrary_Driver/Ethernet/wizchip_conf.o
                0x08002c9c                wizchip_sw_reset
 .text.wizchip_init
                0x08002d2e      0x186 ./Drivers/ioLibrary_Driver/Ethernet/wizchip_conf.o
                0x08002d2e                wizchip_init
 .text.wizchip_clrinterrupt
                0x08002eb4       0x94 ./Drivers/ioLibrary_Driver/Ethernet/wizchip_conf.o
                0x08002eb4                wizchip_clrinterrupt
 .text.wizchip_getinterrupt
                0x08002f48       0x5c ./Drivers/ioLibrary_Driver/Ethernet/wizchip_conf.o
                0x08002f48                wizchip_getinterrupt
 .text.wizchip_setinterruptmask
                0x08002fa4       0x4c ./Drivers/ioLibrary_Driver/Ethernet/wizchip_conf.o
                0x08002fa4                wizchip_setinterruptmask
 .text.wizchip_getinterruptmask
                0x08002ff0       0x54 ./Drivers/ioLibrary_Driver/Ethernet/wizchip_conf.o
                0x08002ff0                wizchip_getinterruptmask
 .text.wizphy_getphylink
                0x08003044       0x34 ./Drivers/ioLibrary_Driver/Ethernet/wizchip_conf.o
                0x08003044                wizphy_getphylink
 .text.wizphy_getphypmode
                0x08003078       0x3e ./Drivers/ioLibrary_Driver/Ethernet/wizchip_conf.o
                0x08003078                wizphy_getphypmode
 .text.wizphy_reset
                0x080030b6       0x68 ./Drivers/ioLibrary_Driver/Ethernet/wizchip_conf.o
                0x080030b6                wizphy_reset
 .text.wizphy_setphyconf
                0x0800311e       0xbc ./Drivers/ioLibrary_Driver/Ethernet/wizchip_conf.o
                0x0800311e                wizphy_setphyconf
 *fill*         0x080031da        0x2 
 .text.wizphy_getphyconf
                0x080031dc       0xe0 ./Drivers/ioLibrary_Driver/Ethernet/wizchip_conf.o
                0x080031dc                wizphy_getphyconf
 .text.wizphy_getphystat
                0x080032bc       0x48 ./Drivers/ioLibrary_Driver/Ethernet/wizchip_conf.o
                0x080032bc                wizphy_getphystat
 .text.wizphy_setphypmode
                0x08003304       0xbe ./Drivers/ioLibrary_Driver/Ethernet/wizchip_conf.o
                0x08003304                wizphy_setphypmode
 *fill*         0x080033c2        0x2 
 .text.wizchip_setnetinfo
                0x080033c4       0x84 ./Drivers/ioLibrary_Driver/Ethernet/wizchip_conf.o
                0x080033c4                wizchip_setnetinfo
 .text.memset   0x08003448       0x10 C:/ST/STM32CubeIDE_1.19.0/STM32CubeIDE/plugins/com.st.stm32cube.ide.mcu.externaltools.gnu-tools-for-stm32.13.3.rel1.win32_1.0.0.202411081344/tools/bin/../lib/gcc/arm-none-eabi/13.3.1/../../../../arm-none-eabi/lib/thumb/v6-m/nofp\libc_nano.a(libc_a-memset.o)
                0x08003448                memset
 .text.__libc_init_array
                0x08003458       0x48 C:/ST/STM32CubeIDE_1.19.0/STM32CubeIDE/plugins/com.st.stm32cube.ide.mcu.externaltools.gnu-tools-for-stm32.13.3.rel1.win32_1.0.0.202411081344/tools/bin/../lib/gcc/arm-none-eabi/13.3.1/../../../../arm-none-eabi/lib/thumb/v6-m/nofp\libc_nano.a(libc_a-init.o)
                0x08003458                __libc_init_array
 *(.glue_7)
 .glue_7        0x080034a0        0x0 linker stubs
 *(.glue_7t)
 .glue_7t       0x080034a0        0x0 linker stubs
 *(.eh_frame)
 .eh_frame      0x080034a0        0x0 C:/ST/STM32CubeIDE_1.19.0/STM32CubeIDE/plugins/com.st.stm32cube.ide.mcu.externaltools.gnu-tools-for-stm32.13.3.rel1.win32_1.0.0.202411081344/tools/bin/../lib/gcc/arm-none-eabi/13.3.1/thumb/v6-m/nofp/crtbegin.o
 *(.init)
 .init          0x080034a0        0x4 C:/ST/STM32CubeIDE_1.19.0/STM32CubeIDE/plugins/com.st.stm32cube.ide.mcu.externaltools.gnu-tools-for-stm32.13.3.rel1.win32_1.0.0.202411081344/tools/bin/../lib/gcc/arm-none-eabi/13.3.1/thumb/v6-m/nofp/crti.o
                0x080034a0                _init
 .init          0x080034a4        0x8 C:/ST/STM32CubeIDE_1.19.0/STM32CubeIDE/plugins/com.st.stm32cube.ide.mcu.externaltools.gnu-tools-for-stm32.13.3.rel1.win32_1.0.0.202411081344/tools/bin/../lib/gcc/arm-none-eabi/13.3.1/thumb/v6-m/nofp/crtn.o
 *(.fini)
 .fini          0x080034ac        0x4 C:/ST/STM32CubeIDE_1.19.0/STM32CubeIDE/plugins/com.st.stm32cube.ide.mcu.externaltools.gnu-tools-for-stm32.13.3.rel1.win32_1.0.0.202411081344/tools/bin/../lib/gcc/arm-none-eabi/13.3.1/thumb/v6-m/nofp/crti.o
                0x080034ac                _fini
 .fini          0x080034b0        0x8 C:/ST/STM32CubeIDE_1.19.0/STM32CubeIDE/plugins/com.st.stm32cube.ide.mcu.externaltools.gnu-tools-for-stm32.13.3.rel1.win32_1.0.0.202411081344/tools/bin/../lib/gcc/arm-none-eabi/13.3.1/thumb/v6-m/nofp/crtn.o
                0x080034b8                        . = ALIGN (0x4)
                0x080034b8                        _etext = .

.vfp11_veneer   0x080034b8        0x0
 .vfp11_veneer  0x080034b8        0x0 linker stubs

.v4_bx          0x080034b8        0x0
 .v4_bx         0x080034b8        0x0 linker stubs

.iplt           0x080034b8        0x0
 .iplt          0x080034b8        0x0 C:/ST/STM32CubeIDE_1.19.0/STM32CubeIDE/plugins/com.st.stm32cube.ide.mcu.externaltools.gnu-tools-for-stm32.13.3.rel1.win32_1.0.0.202411081344/tools/bin/../lib/gcc/arm-none-eabi/13.3.1/thumb/v6-m/nofp/crtbegin.o

.rodata         0x080034b8       0x98
                0x080034b8                        . = ALIGN (0x4)
 *(.rodata)
 .rodata        0x080034b8       0x27 ./Core/Src/net_if.o
 *(.rodata*)
 *fill*         0x080034df        0x1 
 .rodata.AHBPrescTable
                0x080034e0       0x10 ./Core/Src/system_stm32l0xx.o
                0x080034e0                AHBPrescTable
 .rodata.PLLMulTable
                0x080034f0        0x9 ./Core/Src/system_stm32l0xx.o
                0x080034f0                PLLMulTable
 *fill*         0x080034f9        0x3 
 .rodata.ctlwizchip
                0x080034fc       0x54 ./Drivers/ioLibrary_Driver/Ethernet/wizchip_conf.o
                0x08003550                        . = ALIGN (0x4)

.ARM.extab      0x08003550        0x0
                0x08003550                        . = ALIGN (0x4)
 *(.ARM.extab* .gnu.linkonce.armextab.*)
                0x08003550                        . = ALIGN (0x4)

.ARM            0x08003550        0x0
                0x08003550                        . = ALIGN (0x4)
                0x08003550                        __exidx_start = .
 *(.ARM.exidx*)
                0x08003550                        __exidx_end = .
                0x08003550                        . = ALIGN (0x4)

.preinit_array  0x08003550        0x0
                0x08003550                        . = ALIGN (0x4)
                0x08003550                        PROVIDE (__preinit_array_start = .)
 *(.preinit_array*)
                0x08003550                        PROVIDE (__preinit_array_end = .)
                0x08003550                        . = ALIGN (0x4)

.init_array     0x08003550        0x4
                0x08003550                        . = ALIGN (0x4)
                0x08003550                        PROVIDE (__init_array_start = .)
 *(SORT_BY_NAME(.init_array.*))
 *(.init_array*)
 .init_array    0x08003550        0x4 C:/ST/STM32CubeIDE_1.19.0/STM32CubeIDE/plugins/com.st.stm32cube.ide.mcu.externaltools.gnu-tools-for-stm32.13.3.rel1.win32_1.0.0.202411081344/tools/bin/../lib/gcc/arm-none-eabi/13.3.1/thumb/v6-m/nofp/crtbegin.o
                0x08003554                        PROVIDE (__init_array_end = .)
                0x08003554                        . = ALIGN (0x4)

.fini_array     0x08003554        0x4
                0x08003554                        . = ALIGN (0x4)
                [!provide]                        PROVIDE (__fini_array_start = .)
 *(SORT_BY_NAME(.fini_array.*))
 *(.fini_array*)
 .fini_array    0x08003554        0x4 C:/ST/STM32CubeIDE_1.19.0/STM32CubeIDE/plugins/com.st.stm32cube.ide.mcu.externaltools.gnu-tools-for-stm32.13.3.rel1.win32_1.0.0.202411081344/tools/bin/../lib/gcc/arm-none-eabi/13.3.1/thumb/v6-m/nofp/crtbegin.o
                [!provide]                        PROVIDE (__fini_array_end = .)
                0x08003558                        . = ALIGN (0x4)
                0x08003558                        _sidata = LOADADDR (.data)

.rel.dyn        0x08003558        0x0
 .rel.iplt      0x08003558        0x0 C:/ST/STM32CubeIDE_1.19.0/STM32CubeIDE/plugins/com.st.stm32cube.ide.mcu.externaltools.gnu-tools-for-stm32.13.3.rel1.win32_1.0.0.202411081344/tools/bin/../lib/gcc/arm-none-eabi/13.3.1/thumb/v6-m/nofp/crtbegin.o

.data           0x20000000       0x38 load address 0x08003558
                0x20000000                        . = ALIGN (0x4)
                0x20000000                        _sdata = .
 *(.data)
 *(.data*)
 .data.SystemCoreClock
                0x20000000        0x4 ./Core/Src/system_stm32l0xx.o
                0x20000000                SystemCoreClock
 .data.uwTickPrio
                0x20000004        0x4 ./Drivers/STM32L0xx_HAL_Driver/Src/stm32l0xx_hal.o
                0x20000004                uwTickPrio
 .data.uwTickFreq
                0x20000008        0x1 ./Drivers/STM32L0xx_HAL_Driver/Src/stm32l0xx_hal.o
                0x20000008                uwTickFreq
 *fill*         0x20000009        0x3 
 .data.WIZCHIP  0x2000000c       0x2c ./Drivers/ioLibrary_Driver/Ethernet/wizchip_conf.o
                0x2000000c                WIZCHIP
 *(.RamFunc)
 *(.RamFunc*)
                0x20000038                        . = ALIGN (0x4)
                0x20000038                        _edata = .

.igot.plt       0x20000038        0x0 load address 0x08003590
 .igot.plt      0x20000038        0x0 C:/ST/STM32CubeIDE_1.19.0/STM32CubeIDE/plugins/com.st.stm32cube.ide.mcu.externaltools.gnu-tools-for-stm32.13.3.rel1.win32_1.0.0.202411081344/tools/bin/../lib/gcc/arm-none-eabi/13.3.1/thumb/v6-m/nofp/crtbegin.o
                0x20000038                        . = ALIGN (0x4)

.bss            0x20000038       0x80 load address 0x08003590
                0x20000038                        _sbss = .
                0x20000038                        __bss_start__ = _sbss
 *(.bss)
 .bss           0x20000038       0x1c C:/ST/STM32CubeIDE_1.19.0/STM32CubeIDE/plugins/com.st.stm32cube.ide.mcu.externaltools.gnu-tools-for-stm32.13.3.rel1.win32_1.0.0.202411081344/tools/bin/../lib/gcc/arm-none-eabi/13.3.1/thumb/v6-m/nofp/crtbegin.o
 *(.bss*)
 .bss.hspi2     0x20000054       0x58 ./Core/Src/main.o
                0x20000054                hspi2
 .bss.uwTick    0x200000ac        0x4 ./Drivers/STM32L0xx_HAL_Driver/Src/stm32l0xx_hal.o
                0x200000ac                uwTick
 .bss._DNS_     0x200000b0        0x4 ./Drivers/ioLibrary_Driver/Ethernet/wizchip_conf.o
 .bss._DHCP_    0x200000b4        0x1 ./Drivers/ioLibrary_Driver/Ethernet/wizchip_conf.o
 *(COMMON)
                0x200000b8                        . = ALIGN (0x4)
 *fill*         0x200000b5        0x3 
                0x200000b8                        _ebss = .
                0x200000b8                        __bss_end__ = _ebss

._user_heap_stack
                0x200000b8      0x600 load address 0x08003590
                0x200000b8                        . = ALIGN (0x8)
                [!provide]                        PROVIDE (end = .)
                0x200000b8                        PROVIDE (_end = .)
                0x200002b8                        . = (. + _Min_Heap_Size)
 *fill*         0x200000b8      0x200 
                0x200006b8                        . = (. + _Min_Stack_Size)
 *fill*         0x200002b8      0x400 
                0x200006b8                        . = ALIGN (0x8)

/DISCARD/
 libc.a(*)
 libm.a(*)
 libgcc.a(*)

.ARM.attributes
                0x00000000       0x28
 *(.ARM.attributes)
 .ARM.attributes
                0x00000000       0x1e C:/ST/STM32CubeIDE_1.19.0/STM32CubeIDE/plugins/com.st.stm32cube.ide.mcu.externaltools.gnu-tools-for-stm32.13.3.rel1.win32_1.0.0.202411081344/tools/bin/../lib/gcc/arm-none-eabi/13.3.1/thumb/v6-m/nofp/crti.o
 .ARM.attributes
                0x0000001e       0x2c C:/ST/STM32CubeIDE_1.19.0/STM32CubeIDE/plugins/com.st.stm32cube.ide.mcu.externaltools.gnu-tools-for-stm32.13.3.rel1.win32_1.0.0.202411081344/tools/bin/../lib/gcc/arm-none-eabi/13.3.1/thumb/v6-m/nofp/crtbegin.o
 .ARM.attributes
                0x0000004a       0x2c ./Core/Src/main.o
 .ARM.attributes
                0x00000076       0x2c ./Core/Src/net_if.o
 .ARM.attributes
                0x000000a2       0x2c ./Core/Src/stm32l0xx_hal_msp.o
 .ARM.attributes
                0x000000ce       0x2c ./Core/Src/stm32l0xx_it.o
 .ARM.attributes
                0x000000fa       0x2c ./Core/Src/system_stm32l0xx.o
 .ARM.attributes
                0x00000126       0x2c ./Core/Src/w5500_port.o
 .ARM.attributes
                0x00000152       0x22 ./Core/Startup/startup_stm32l073cztx.o
 .ARM.attributes
                0x00000174       0x2c ./Drivers/STM32L0xx_HAL_Driver/Src/stm32l0xx_hal.o
 .ARM.attributes
                0x000001a0       0x2c ./Drivers/STM32L0xx_HAL_Driver/Src/stm32l0xx_hal_cortex.o
 .ARM.attributes
                0x000001cc       0x2c ./Drivers/STM32L0xx_HAL_Driver/Src/stm32l0xx_hal_gpio.o
 .ARM.attributes
                0x000001f8       0x2c ./Drivers/STM32L0xx_HAL_Driver/Src/stm32l0xx_hal_rcc.o
 .ARM.attributes
                0x00000224       0x2c ./Drivers/STM32L0xx_HAL_Driver/Src/stm32l0xx_hal_rcc_ex.o
 .ARM.attributes
                0x00000250       0x2c ./Drivers/STM32L0xx_HAL_Driver/Src/stm32l0xx_hal_spi.o
 .ARM.attributes
                0x0000027c       0x2c ./Drivers/ioLibrary_Driver/Ethernet/W5500/w5500.o
 .ARM.attributes
                0x000002a8       0x2c ./Drivers/ioLibrary_Driver/Ethernet/wizchip_conf.o
 .ARM.attributes
                0x000002d4       0x2c C:/ST/STM32CubeIDE_1.19.0/STM32CubeIDE/plugins/com.st.stm32cube.ide.mcu.externaltools.gnu-tools-for-stm32.13.3.rel1.win32_1.0.0.202411081344/tools/bin/../lib/gcc/arm-none-eabi/13.3.1/../../../../arm-none-eabi/lib/thumb/v6-m/nofp\libc_nano.a(libc_a-memset.o)
 .ARM.attributes
                0x00000300       0x2c C:/ST/STM32CubeIDE_1.19.0/STM32CubeIDE/plugins/com.st.stm32cube.ide.mcu.externaltools.gnu-tools-for-stm32.13.3.rel1.win32_1.0.0.202411081344/tools/bin/../lib/gcc/arm-none-eabi/13.3.1/../../../../arm-none-eabi/lib/thumb/v6-m/nofp\libc_nano.a(libc_a-init.o)
 .ARM.attributes
                0x0000032c       0x1e C:/ST/STM32CubeIDE_1.19.0/STM32CubeIDE/plugins/com.st.stm32cube.ide.mcu.externaltools.gnu-tools-for-stm32.13.3.rel1.win32_1.0.0.202411081344/tools/bin/../lib/gcc/arm-none-eabi/13.3.1/thumb/v6-m/nofp\libgcc.a(_udivsi3.o)
 .ARM.attributes
                0x0000034a       0x1e C:/ST/STM32CubeIDE_1.19.0/STM32CubeIDE/plugins/com.st.stm32cube.ide.mcu.externaltools.gnu-tools-for-stm32.13.3.rel1.win32_1.0.0.202411081344/tools/bin/../lib/gcc/arm-none-eabi/13.3.1/thumb/v6-m/nofp\libgcc.a(_dvmd_tls.o)
 .ARM.attributes
                0x00000368       0x1e C:/ST/STM32CubeIDE_1.19.0/STM32CubeIDE/plugins/com.st.stm32cube.ide.mcu.externaltools.gnu-tools-for-stm32.13.3.rel1.win32_1.0.0.202411081344/tools/bin/../lib/gcc/arm-none-eabi/13.3.1/thumb/v6-m/nofp/crtn.o
OUTPUT(CCD_Subsystem.elf elf32-littlearm)
LOAD linker stubs
LOAD C:/ST/STM32CubeIDE_1.19.0/STM32CubeIDE/plugins/com.st.stm32cube.ide.mcu.externaltools.gnu-tools-for-stm32.13.3.rel1.win32_1.0.0.202411081344/tools/bin/../lib/gcc/arm-none-eabi/13.3.1/../../../../arm-none-eabi/lib/thumb/v6-m/nofp\libc.a
LOAD C:/ST/STM32CubeIDE_1.19.0/STM32CubeIDE/plugins/com.st.stm32cube.ide.mcu.externaltools.gnu-tools-for-stm32.13.3.rel1.win32_1.0.0.202411081344/tools/bin/../lib/gcc/arm-none-eabi/13.3.1/../../../../arm-none-eabi/lib/thumb/v6-m/nofp\libm.a
LOAD C:/ST/STM32CubeIDE_1.19.0/STM32CubeIDE/plugins/com.st.stm32cube.ide.mcu.externaltools.gnu-tools-for-stm32.13.3.rel1.win32_1.0.0.202411081344/tools/bin/../lib/gcc/arm-none-eabi/13.3.1/thumb/v6-m/nofp\libgcc.a

.debug_info     0x00000000     0x8c0b
 .debug_info    0x00000000     0x1689 ./Core/Src/main.o
 .debug_info    0x00001689      0x4eb ./Core/Src/net_if.o
 .debug_info    0x00001b74     0x115c ./Core/Src/stm32l0xx_hal_msp.o
 .debug_info    0x00002cd0       0xda ./Core/Src/stm32l0xx_it.o
 .debug_info    0x00002daa      0x2d0 ./Core/Src/system_stm32l0xx.o
 .debug_info    0x0000307a      0x7cc ./Core/Src/w5500_port.o
 .debug_info    0x00003846       0x30 ./Core/Startup/startup_stm32l073cztx.o
 .debug_info    0x00003876      0x8ac ./Drivers/STM32L0xx_HAL_Driver/Src/stm32l0xx_hal.o
 .debug_info    0x00004122      0x8a2 ./Drivers/STM32L0xx_HAL_Driver/Src/stm32l0xx_hal_cortex.o
 .debug_info    0x000049c4      0x617 ./Drivers/STM32L0xx_HAL_Driver/Src/stm32l0xx_hal_gpio.o
 .debug_info    0x00004fdb      0xa2a ./Drivers/STM32L0xx_HAL_Driver/Src/stm32l0xx_hal_rcc.o
 .debug_info    0x00005a05      0x7ed ./Drivers/STM32L0xx_HAL_Driver/Src/stm32l0xx_hal_rcc_ex.o
 .debug_info    0x000061f2     0x14f4 ./Drivers/STM32L0xx_HAL_Driver/Src/stm32l0xx_hal_spi.o
 .debug_info    0x000076e6      0x5e6 ./Drivers/ioLibrary_Driver/Ethernet/W5500/w5500.o
 .debug_info    0x00007ccc      0xf3f ./Drivers/ioLibrary_Driver/Ethernet/wizchip_conf.o

.debug_abbrev   0x00000000     0x1d88
 .debug_abbrev  0x00000000      0x2e5 ./Core/Src/main.o
 .debug_abbrev  0x000002e5      0x1cc ./Core/Src/net_if.o
 .debug_abbrev  0x000004b1      0x217 ./Core/Src/stm32l0xx_hal_msp.o
 .debug_abbrev  0x000006c8       0x74 ./Core/Src/stm32l0xx_it.o
 .debug_abbrev  0x0000073c      0x11c ./Core/Src/system_stm32l0xx.o
 .debug_abbrev  0x00000858      0x1f7 ./Core/Src/w5500_port.o
 .debug_abbrev  0x00000a4f       0x24 ./Core/Startup/startup_stm32l073cztx.o
 .debug_abbrev  0x00000a73      0x2a0 ./Drivers/STM32L0xx_HAL_Driver/Src/stm32l0xx_hal.o
 .debug_abbrev  0x00000d13      0x29b ./Drivers/STM32L0xx_HAL_Driver/Src/stm32l0xx_hal_cortex.o
 .debug_abbrev  0x00000fae      0x1cb ./Drivers/STM32L0xx_HAL_Driver/Src/stm32l0xx_hal_gpio.o
 .debug_abbrev  0x00001179      0x296 ./Drivers/STM32L0xx_HAL_Driver/Src/stm32l0xx_hal_rcc.o
 .debug_abbrev  0x0000140f      0x21a ./Drivers/STM32L0xx_HAL_Driver/Src/stm32l0xx_hal_rcc_ex.o
 .debug_abbrev  0x00001629      0x274 ./Drivers/STM32L0xx_HAL_Driver/Src/stm32l0xx_hal_spi.o
 .debug_abbrev  0x0000189d      0x1cb ./Drivers/ioLibrary_Driver/Ethernet/W5500/w5500.o
 .debug_abbrev  0x00001a68      0x320 ./Drivers/ioLibrary_Driver/Ethernet/wizchip_conf.o

.debug_aranges  0x00000000      0x8f8
 .debug_aranges
                0x00000000       0x78 ./Core/Src/main.o
 .debug_aranges
                0x00000078       0x38 ./Core/Src/net_if.o
 .debug_aranges
                0x000000b0       0x60 ./Core/Src/stm32l0xx_hal_msp.o
 .debug_aranges
                0x00000110       0x40 ./Core/Src/stm32l0xx_it.o
 .debug_aranges
                0x00000150       0x28 ./Core/Src/system_stm32l0xx.o
 .debug_aranges
                0x00000178       0x40 ./Core/Src/w5500_port.o
 .debug_aranges
                0x000001b8       0x28 ./Core/Startup/startup_stm32l073cztx.o
 .debug_aranges
                0x000001e0      0x110 ./Drivers/STM32L0xx_HAL_Driver/Src/stm32l0xx_hal.o
 .debug_aranges
                0x000002f0       0xe8 ./Drivers/STM32L0xx_HAL_Driver/Src/stm32l0xx_hal_cortex.o
 .debug_aranges
                0x000003d8       0x58 ./Drivers/STM32L0xx_HAL_Driver/Src/stm32l0xx_hal_gpio.o
 .debug_aranges
                0x00000430       0x80 ./Drivers/STM32L0xx_HAL_Driver/Src/stm32l0xx_hal_rcc.o
 .debug_aranges
                0x000004b0       0xb0 ./Drivers/STM32L0xx_HAL_Driver/Src/stm32l0xx_hal_rcc_ex.o
 .debug_aranges
                0x00000560      0x1d0 ./Drivers/STM32L0xx_HAL_Driver/Src/stm32l0xx_hal_spi.o
 .debug_aranges
                0x00000730       0x60 ./Drivers/ioLibrary_Driver/Ethernet/W5500/w5500.o
 .debug_aranges
                0x00000790      0x168 ./Drivers/ioLibrary_Driver/Ethernet/wizchip_conf.o

.debug_rnglists
                0x00000000      0x6b2
 .debug_rnglists
                0x00000000       0x5a ./Core/Src/main.o
 .debug_rnglists
                0x0000005a       0x25 ./Core/Src/net_if.o
 .debug_rnglists
                0x0000007f       0x45 ./Core/Src/stm32l0xx_hal_msp.o
 .debug_rnglists
                0x000000c4       0x2b ./Core/Src/stm32l0xx_it.o
 .debug_rnglists
                0x000000ef       0x1a ./Core/Src/system_stm32l0xx.o
 .debug_rnglists
                0x00000109       0x2b ./Core/Src/w5500_port.o
 .debug_rnglists
                0x00000134       0x19 ./Core/Startup/startup_stm32l073cztx.o
 .debug_rnglists
                0x0000014d       0xc7 ./Drivers/STM32L0xx_HAL_Driver/Src/stm32l0xx_hal.o
 .debug_rnglists
                0x00000214       0xaa ./Drivers/STM32L0xx_HAL_Driver/Src/stm32l0xx_hal_cortex.o
 .debug_rnglists
                0x000002be       0x3f ./Drivers/STM32L0xx_HAL_Driver/Src/stm32l0xx_hal_gpio.o
 .debug_rnglists
                0x000002fd       0x61 ./Drivers/STM32L0xx_HAL_Driver/Src/stm32l0xx_hal_rcc.o
 .debug_rnglists
                0x0000035e       0x85 ./Drivers/STM32L0xx_HAL_Driver/Src/stm32l0xx_hal_rcc_ex.o
 .debug_rnglists
                0x000003e3      0x171 ./Drivers/STM32L0xx_HAL_Driver/Src/stm32l0xx_hal_spi.o
 .debug_rnglists
                0x00000554       0x4c ./Drivers/ioLibrary_Driver/Ethernet/W5500/w5500.o
 .debug_rnglists
                0x000005a0      0x112 ./Drivers/ioLibrary_Driver/Ethernet/wizchip_conf.o

.debug_macro    0x00000000     0x281b
 .debug_macro   0x00000000      0x22e ./Core/Src/main.o
 .debug_macro   0x0000022e       0x64 ./Core/Src/main.o
 .debug_macro   0x00000292      0x305 ./Core/Src/main.o
 .debug_macro   0x00000597      0x118 ./Core/Src/main.o
 .debug_macro   0x000006af       0x8b ./Core/Src/main.o
 .debug_macro   0x0000073a      0x5fc ./Core/Src/main.o
 .debug_macro   0x00000d36       0x66 ./Core/Src/main.o
 .debug_macro   0x00000d9c      0x358 ./Core/Src/net_if.o
 .debug_macro   0x000010f4       0x85 ./Core/Src/net_if.o
 .debug_macro   0x00001179       0x1c ./Core/Src/net_if.o
 .debug_macro   0x00001195      0x180 ./Core/Src/net_if.o
 .debug_macro   0x00001315       0x16 ./Core/Src/net_if.o
 .debug_macro   0x0000132b       0x16 ./Core/Src/net_if.o
 .debug_macro   0x00001341       0x16 ./Core/Src/net_if.o
 .debug_macro   0x00001357      0x202 ./Core/Src/stm32l0xx_hal_msp.o
 .debug_macro   0x00001559      0x20c ./Core/Src/stm32l0xx_it.o
 .debug_macro   0x00001765      0x1d8 ./Core/Src/system_stm32l0xx.o
 .debug_macro   0x0000193d      0x22d ./Core/Src/w5500_port.o
 .debug_macro   0x00001b6a      0x1fc ./Drivers/STM32L0xx_HAL_Driver/Src/stm32l0xx_hal.o
 .debug_macro   0x00001d66      0x1d8 ./Drivers/STM32L0xx_HAL_Driver/Src/stm32l0xx_hal_cortex.o
 .debug_macro   0x00001f3e      0x1df ./Drivers/STM32L0xx_HAL_Driver/Src/stm32l0xx_hal_gpio.o
 .debug_macro   0x0000211d      0x20e ./Drivers/STM32L0xx_HAL_Driver/Src/stm32l0xx_hal_rcc.o
 .debug_macro   0x0000232b      0x1d8 ./Drivers/STM32L0xx_HAL_Driver/Src/stm32l0xx_hal_rcc_ex.o
 .debug_macro   0x00002503      0x1e7 ./Drivers/STM32L0xx_HAL_Driver/Src/stm32l0xx_hal_spi.o
 .debug_macro   0x000026ea       0x9d ./Drivers/ioLibrary_Driver/Ethernet/W5500/w5500.o
 .debug_macro   0x00002787       0x94 ./Drivers/ioLibrary_Driver/Ethernet/wizchip_conf.o

.debug_line     0x00000000     0xada8
 .debug_line    0x00000000      0xb55 ./Core/Src/main.o
 .debug_line    0x00000b55      0xa9c ./Core/Src/net_if.o
 .debug_line    0x000015f1      0x8d8 ./Core/Src/stm32l0xx_hal_msp.o
 .debug_line    0x00001ec9      0x81c ./Core/Src/stm32l0xx_it.o
 .debug_line    0x000026e5      0x842 ./Core/Src/system_stm32l0xx.o
 .debug_line    0x00002f27      0x92b ./Core/Src/w5500_port.o
 .debug_line    0x00003852       0x7b ./Core/Startup/startup_stm32l073cztx.o
 .debug_line    0x000038cd      0xb01 ./Drivers/STM32L0xx_HAL_Driver/Src/stm32l0xx_hal.o
 .debug_line    0x000043ce      0xbd2 ./Drivers/STM32L0xx_HAL_Driver/Src/stm32l0xx_hal_cortex.o
 .debug_line    0x00004fa0      0xb76 ./Drivers/STM32L0xx_HAL_Driver/Src/stm32l0xx_hal_gpio.o
 .debug_line    0x00005b16     0x1062 ./Drivers/STM32L0xx_HAL_Driver/Src/stm32l0xx_hal_rcc.o
 .debug_line    0x00006b78      0xeb7 ./Drivers/STM32L0xx_HAL_Driver/Src/stm32l0xx_hal_rcc_ex.o
 .debug_line    0x00007a2f     0x1d2b ./Drivers/STM32L0xx_HAL_Driver/Src/stm32l0xx_hal_spi.o
 .debug_line    0x0000975a      0x899 ./Drivers/ioLibrary_Driver/Ethernet/W5500/w5500.o
 .debug_line    0x00009ff3      0xdb5 ./Drivers/ioLibrary_Driver/Ethernet/wizchip_conf.o

.debug_str      0x00000000    0x860ea
 .debug_str     0x00000000    0x860ea ./Core/Src/main.o
                              0x80290 (size before relaxing)
 .debug_str     0x000860ea    0x836e8 ./Core/Src/net_if.o
 .debug_str     0x000860ea    0x7d24d ./Core/Src/stm32l0xx_hal_msp.o
 .debug_str     0x000860ea    0x7c6bb ./Core/Src/stm32l0xx_it.o
 .debug_str     0x000860ea    0x7b27a ./Core/Src/system_stm32l0xx.o
 .debug_str     0x000860ea    0x7f81a ./Core/Src/w5500_port.o
 .debug_str     0x000860ea       0x84 ./Core/Startup/startup_stm32l073cztx.o
 .debug_str     0x000860ea    0x7b9ae ./Drivers/STM32L0xx_HAL_Driver/Src/stm32l0xx_hal.o
 .debug_str     0x000860ea    0x7b73a ./Drivers/STM32L0xx_HAL_Driver/Src/stm32l0xx_hal_cortex.o
 .debug_str     0x000860ea    0x7b41a ./Drivers/STM32L0xx_HAL_Driver/Src/stm32l0xx_hal_gpio.o
 .debug_str     0x000860ea    0x7b7b3 ./Drivers/STM32L0xx_HAL_Driver/Src/stm32l0xx_hal_rcc.o
 .debug_str     0x000860ea    0x7b77d ./Drivers/STM32L0xx_HAL_Driver/Src/stm32l0xx_hal_rcc_ex.o
 .debug_str     0x000860ea    0x7bb71 ./Drivers/STM32L0xx_HAL_Driver/Src/stm32l0xx_hal_spi.o
 .debug_str     0x000860ea     0x6b5a ./Drivers/ioLibrary_Driver/Ethernet/W5500/w5500.o
 .debug_str     0x000860ea     0x7573 ./Drivers/ioLibrary_Driver/Ethernet/wizchip_conf.o

.comment        0x00000000       0x43
 .comment       0x00000000       0x43 ./Core/Src/main.o
                                 0x44 (size before relaxing)
 .comment       0x00000043       0x44 ./Core/Src/net_if.o
 .comment       0x00000043       0x44 ./Core/Src/stm32l0xx_hal_msp.o
 .comment       0x00000043       0x44 ./Core/Src/stm32l0xx_it.o
 .comment       0x00000043       0x44 ./Core/Src/system_stm32l0xx.o
 .comment       0x00000043       0x44 ./Core/Src/w5500_port.o
 .comment       0x00000043       0x44 ./Drivers/STM32L0xx_HAL_Driver/Src/stm32l0xx_hal.o
 .comment       0x00000043       0x44 ./Drivers/STM32L0xx_HAL_Driver/Src/stm32l0xx_hal_cortex.o
 .comment       0x00000043       0x44 ./Drivers/STM32L0xx_HAL_Driver/Src/stm32l0xx_hal_gpio.o
 .comment       0x00000043       0x44 ./Drivers/STM32L0xx_HAL_Driver/Src/stm32l0xx_hal_rcc.o
 .comment       0x00000043       0x44 ./Drivers/STM32L0xx_HAL_Driver/Src/stm32l0xx_hal_rcc_ex.o
 .comment       0x00000043       0x44 ./Drivers/STM32L0xx_HAL_Driver/Src/stm32l0xx_hal_spi.o
 .comment       0x00000043       0x44 ./Drivers/ioLibrary_Driver/Ethernet/W5500/w5500.o
 .comment       0x00000043       0x44 ./Drivers/ioLibrary_Driver/Ethernet/wizchip_conf.o

.debug_frame    0x00000000     0x1e74
 .debug_frame   0x00000000      0x16c ./Core/Src/main.o
 .debug_frame   0x0000016c       0x88 ./Core/Src/net_if.o
 .debug_frame   0x000001f4      0x12c ./Core/Src/stm32l0xx_hal_msp.o
 .debug_frame   0x00000320       0x9c ./Core/Src/stm32l0xx_it.o
 .debug_frame   0x000003bc       0x4c ./Core/Src/system_stm32l0xx.o
 .debug_frame   0x00000408       0xb0 ./Core/Src/w5500_port.o
 .debug_frame   0x000004b8      0x394 ./Drivers/STM32L0xx_HAL_Driver/Src/stm32l0xx_hal.o
 .debug_frame   0x0000084c      0x33c ./Drivers/STM32L0xx_HAL_Driver/Src/stm32l0xx_hal_cortex.o
 .debug_frame   0x00000b88      0x110 ./Drivers/STM32L0xx_HAL_Driver/Src/stm32l0xx_hal_gpio.o
 .debug_frame   0x00000c98      0x1a4 ./Drivers/STM32L0xx_HAL_Driver/Src/stm32l0xx_hal_rcc.o
 .debug_frame   0x00000e3c      0x244 ./Drivers/STM32L0xx_HAL_Driver/Src/stm32l0xx_hal_rcc_ex.o
 .debug_frame   0x00001080      0x6f0 ./Drivers/STM32L0xx_HAL_Driver/Src/stm32l0xx_hal_spi.o
 .debug_frame   0x00001770      0x14c ./Drivers/ioLibrary_Driver/Ethernet/W5500/w5500.o
 .debug_frame   0x000018bc      0x54c ./Drivers/ioLibrary_Driver/Ethernet/wizchip_conf.o
 .debug_frame   0x00001e08       0x20 C:/ST/STM32CubeIDE_1.19.0/STM32CubeIDE/plugins/com.st.stm32cube.ide.mcu.externaltools.gnu-tools-for-stm32.13.3.rel1.win32_1.0.0.202411081344/tools/bin/../lib/gcc/arm-none-eabi/13.3.1/../../../../arm-none-eabi/lib/thumb/v6-m/nofp\libc_nano.a(libc_a-memset.o)
 .debug_frame   0x00001e28       0x2c C:/ST/STM32CubeIDE_1.19.0/STM32CubeIDE/plugins/com.st.stm32cube.ide.mcu.externaltools.gnu-tools-for-stm32.13.3.rel1.win32_1.0.0.202411081344/tools/bin/../lib/gcc/arm-none-eabi/13.3.1/../../../../arm-none-eabi/lib/thumb/v6-m/nofp\libc_nano.a(libc_a-init.o)
 .debug_frame   0x00001e54       0x20 C:/ST/STM32CubeIDE_1.19.0/STM32CubeIDE/plugins/com.st.stm32cube.ide.mcu.externaltools.gnu-tools-for-stm32.13.3.rel1.win32_1.0.0.202411081344/tools/bin/../lib/gcc/arm-none-eabi/13.3.1/thumb/v6-m/nofp\libgcc.a(_udivsi3.o)

.debug_line_str
                0x00000000       0x68
 .debug_line_str
                0x00000000       0x68 ./Core/Startup/startup_stm32l073cztx.o
